Chet was added
They are player number 1
Pat was added
They are player number 2
Player 0 was added
They are player number 3
Player 1 was added
They are player number 4
Player 2 was added
They are player number 5
Chet is the current player
They have rolled a 1
Chet's new location is 1
The category is Science
Science Question 0
Answer was corrent!!!!
Chet now has 1 Gold Coins.
Pat is the current player
They have rolled a 2
Pat's new location is 2
The category is Sports
Sports Question 0
Answer was corrent!!!!
Pat now has 1 Gold Coins.
Player 0 is the current player
They have rolled a 2
Player 0's new location is 2
The category is Sports
Sports Question 1
Answer was corrent!!!!
Player 0 now has 1 Gold Coins.
Player 1 is the current player
They have rolled a 2
Player 1's new location is 2
The category is Sports
Sports Question 2
Answer was corrent!!!!
Player 1 now has 1 Gold Coins.
Player 2 is the current player
They have rolled a 5
Player 2's new location is 5
The category is Science
Science Question 1
Answer was corrent!!!!
Player 2 now has 1 Gold Coins.
Chet is the current player
They have rolled a 5
Chet's new location is 6
The category is Sports
Sports Question 3
Answer was corrent!!!!
Chet now has 2 Gold Coins.
Pat is the current player
They have rolled a 2
Pat's new location is 4
The category is Pop
Pop Question 0
Answer was corrent!!!!
Pat now has 2 Gold Coins.
Player 0 is the current player
They have rolled a 2
Player 0's new location is 4
The category is Pop
Pop Question 1
Answer was corrent!!!!
Player 0 now has 2 Gold Coins.
Player 1 is the current player
They have rolled a 4
Player 1's new location is 6
The category is Sports
Sports Question 4
Answer was corrent!!!!
Player 1 now has 2 Gold Coins.
Player 2 is the current player
They have rolled a 2
Player 2's new location is 7
The category is Rock
Rock Question 0
Answer was corrent!!!!
Player 2 now has 2 Gold Coins.
Chet is the current player
They have rolled a 3
Chet's new location is 9
The category is Science
Science Question 2
Answer was corrent!!!!
Chet now has 3 Gold Coins.
Pat is the current player
They have rolled a 1
Pat's new location is 5
The category is Science
Science Question 3
Answer was corrent!!!!
Pat now has 3 Gold Coins.
Player 0 is the current player
They have rolled a 1
Player 0's new location is 5
The category is Science
Science Question 4
Answer was corrent!!!!
Player 0 now has 3 Gold Coins.
Player 1 is the current player
They have rolled a 2
Player 1's new location is 8
The category is Pop
Pop Question 2
Answer was corrent!!!!
Player 1 now has 3 Gold Coins.
Player 2 is the current player
They have rolled a 1
Player 2's new location is 8
The category is Pop
Pop Question 3
Answer was corrent!!!!
Player 2 now has 3 Gold Coins.
Chet is the current player
They have rolled a 3
Chet's new location is 0
The category is Pop
Pop Question 4
Question was incorrectly answered
Chet was sent to the penalty box
Pat is the current player
They have rolled a 3
Pat's new location is 8
The category is Pop
Pop Question 5
Answer was corrent!!!!
Pat now has 4 Gold Coins.
Player 0 is the current player
They have rolled a 5
Player 0's new location is 10
The category is Sports
Sports Question 5
Answer was corrent!!!!
Player 0 now has 4 Gold Coins.
Player 1 is the current player
They have rolled a 5
Player 1's new location is 1
The category is Science
Science Question 5
Answer was corrent!!!!
Player 1 now has 4 Gold Coins.
Player 2 is the current player
They have rolled a 3
Player 2's new location is 11
The category is Rock
Rock Question 1
Answer was corrent!!!!
Player 2 now has 4 Gold Coins.
Chet is the current player
They have rolled a 5
Chet is getting out of the penalty box
Chet's new location is 5
The category is Science
Science Question 6
Answer was correct!!!!
Chet now has 4 Gold Coins.
Pat is the current player
They have rolled a 2
Pat's new location is 10
The category is Sports
Sports Question 6
Question was incorrectly answered
Pat was sent to the penalty box
Player 0 is the current player
They have rolled a 5
Player 0's new location is 3
The category is Rock
Rock Question 2
Answer was corrent!!!!
Player 0 now has 5 Gold Coins.
Player 1 is the current player
They have rolled a 4
Player 1's new location is 5
The category is Science
Science Question 7
Question was incorrectly answered
Player 1 was sent to the penalty box
Player 2 is the current player
They have rolled a 2
Player 2's new location is 1
The category is Science
Science Question 8
Answer was corrent!!!!
Player 2 now has 5 Gold Coins.
Chet is the current player
They have rolled a 1
Chet is getting out of the penalty box
Chet's new location is 6
The category is Sports
Sports Question 7
Answer was correct!!!!
Chet now has 5 Gold Coins.
Pat is the current player
They have rolled a 3
Pat is getting out of the penalty box
Pat's new location is 1
The category is Science
Science Question 9
Answer was correct!!!!
Pat now has 5 Gold Coins.
Player 0 is the current player
They have rolled a 3
Player 0's new location is 6
The category is Sports
Sports Question 8
Answer was corrent!!!!
Player 0 now has 6 Gold Coins.

